0001   0000             ;**Universidad Autonoma de San Luis Potosi**
0002   0000             ;*******************************************
0003   0000             ;**********Facultad de Ingeniería***********
0004   0000             ;*******************************************
0005   0000             ;============================================
0006   0000             ;Autor: Alfredo Orozco de la Paz
0007   0000             ;Materia: Electronica B
0008   0000             ;
0009   0000             ;
0010   0000             ;Programa que corre un bit de izquierda a derecha
0011   0000             ;y de derecha a izquierda por todos los puertos del
0012   0000             ;PPI, el bit pasa del PA al PC y de regreso.
0013   0000             ;
0014   0000             ;PA -> Salida
0015   0000             ;PB -> Salida
0016   0000             ;PC -> Salida
0017   0000             ;Palabra de control: 80h
0018   0000             ;=============================================
0019   0000             		ORG 00h
0020   0000 3E 80       		LD A,80h
0021   0002 D3 03       		OUT (03),A
0022   0004 31 FF 67    		LD SP,67FFH
0023   0007 0E 00       INICIO:		LD  C,00h
0024   0009 3E 01       IZQUIERDA:	LD  A,01h
0025   000B ED 79       CICLOIZQ:	OUT (C),A
0026   000D 16 0F       		LD  D,0Fh
0027   000F CD 3B 00    		CALL Delay_ms
0028   0012 CB 27       		SLA  A
0029   0014 D2 0B 00    		JP  NC,CICLOIZQ
0030   0017 ED 79       		OUT (C),A
0031   0019 0C          		INC C
0032   001A 79          		LD  A,C
0033   001B FE 03       		CP  03h
0034   001D C2 09 00    		JP NZ,IZQUIERDA
0035   0020 0D          		DEC C
0036   0021 3E 80       DERECHA:	LD A,80h
0037   0023 ED 79       CICLODER:	OUT (C),A
0038   0025 16 FF       		LD  D,0FFh
0039   0027 CD 3B 00    		CALL Delay_ms
0040   002A CB 3F       		SRL A
0041   002C D2 23 00    		JP  NC,CICLODER
0042   002F ED 79       		OUT (C),A
0043   0031 0D          		DEC C
0044   0032 79          		LD  A,C
0045   0033 FE 0F       		CP 0Fh
0046   0035 C2 21 00    		JP NZ,DERECHA
0047   0038 C3 07 00    		JP INICIO
0048   003B             		END
0049   003B             ;==========================================================
0050   003B             ;===================RUTINA DE DELYA========================
0051   003B             ;El tiempo de retardo se especifica en el registro D
0052   003B             	
0053   003B             
0054   003B D5          Delay_ms: PUSH DE 	;guardamos el par de reigstros DE en la pila
0055   003C D9          	EXX		;Respaldamos todos los registros, en los
0056   003D             			;registros complementarios.	
0057   003D 08          	EX  AF,AF'	;guardamos el registro A y el registro de banderas
0058   003E             			;en los registros A' y F'.
0059   003E D1          	POP DE		;restauramos los registros DE, sacandolo de la pila
0060   003F 01 67 00    CICLO:	LD  BC,0067h	;cargamos BC con 0067h, para demorar 1ms
0061   0042 0B          CICLO2:	DEC BC		;decrementamos BC
0062   0043 79          	LD  A,C		;cargamos C en A para para compara si BC es 0
0063   0044 B0          	OR  B		;comparamos a con B
0064   0045 C2 42 00    	JP  NZ,CICLO2	;si no es cero, saltamos a ciclo 2;
0065   0048 15          	DEC D		;decrementamos D (contador de milisegundos)
0066   0049 C2 3F 00    	JP  NZ,CICLO	;si no es cero, saltamos a ciclo1
0067   004C 08          	EX  AF,AF'	;restauramos el acumulador y el registro de
0068   004D             			;banderas
0069   004D D9          	EXX		;restauramos todos los registros guardados en
0070   004E             			;los registros complementariso.
0071   004E C9          	RET		;retorno de la subrutina.
0072   004F             ;==========================================================
0073   004F             ;==========================================================
Number of errors = 0
